Building for debugging...
[Computing dependencies]
[Pre-planning 1 / 184]
[Planning deferred tasks]
[2 / 10] GRDB
[7 / 15] FridgeLuck
[13 / 21] FridgeLuck
[17 / 23] FridgeLuck
[20 / 24] GroceryOCRHarness-product
/home/user/work/FridgeLuck-exp/experiments/grocery-ocr/harness/Sources/GroceryOCRHarness/main.swift:284:23: [1;33mwarning: [1;39mresult of call to 'createFile(atPath:contents:attributes:)' is unused[0;0m [#]8;;https://docs.swift.org/compiler/documentation/diagnostics/no-usage\NoUsage]8;;\]
[0;36m282 |[0;0m   let decoder = JSONDecoder()
[0;36m283 |[0;0m   try? FileManager.default.removeItem(atPath: outputPath)
[0;36m284 |[0;0m   FileManager.default.createFile(atPath: outputPath, contents: nil)
    [0;36m|[0;0m                       `- [1;33mwarning: [1;39mresult of call to 'createFile(atPath:contents:attributes:)' is unused[0;0m [#]8;;https://docs.swift.org/compiler/documentation/diagnostics/no-usage\NoUsage]8;;\]
[0;36m285 |[0;0m   let handle = try FileHandle(forWritingTo: outURL)
[0;36m286 |[0;0m   // URL.lines is Apple-only; Linux Foundation gets the file contents as a String.

/home/user/work/FridgeLuck-exp/experiments/grocery-ocr/harness/Sources/GroceryOCRHarness/main.swift:300:23: [1;33mwarning: [1;39mresult of call to 'createFile(atPath:contents:attributes:)' is unused[0;0m [#]8;;https://docs.swift.org/compiler/documentation/diagnostics/no-usage\NoUsage]8;;\]
[0;36m298 |[0;0m   let decoder = JSONDecoder()
[0;36m299 |[0;0m   try? FileManager.default.removeItem(atPath: outputPath)
[0;36m300 |[0;0m   FileManager.default.createFile(atPath: outputPath, contents: nil)
    [0;36m|[0;0m                       `- [1;33mwarning: [1;39mresult of call to 'createFile(atPath:contents:attributes:)' is unused[0;0m [#]8;;https://docs.swift.org/compiler/documentation/diagnostics/no-usage\NoUsage]8;;\]
[0;36m301 |[0;0m   let handle = try FileHandle(forWritingTo: outURL)
[0;36m302 |[0;0m   let contents = try String(contentsOf: inURL, encoding: .utf8)

[#NoUsage]: <https://docs.swift.org/compiler/documentation/diagnostics/no-usage>
/home/user/work/FridgeLuck-exp/experiments/grocery-ocr/harness/Sources/GroceryOCRHarness/main.swift:284:23: [1;33mwarning: [1;39mresult of call to 'createFile(atPath:contents:attributes:)' is unused[0;0m [#]8;;https://docs.swift.org/compiler/documentation/diagnostics/no-usage\NoUsage]8;;\]
[0;36m282 |[0;0m   let decoder = JSONDecoder()
[0;36m283 |[0;0m   try? FileManager.default.removeItem(atPath: outputPath)
[0;36m284 |[0;0m   FileManager.default.createFile(atPath: outputPath, contents: nil)
    [0;36m|[0;0m                       `- [1;33mwarning: [1;39mresult of call to 'createFile(atPath:contents:attributes:)' is unused[0;0m [#]8;;https://docs.swift.org/compiler/documentation/diagnostics/no-usage\NoUsage]8;;\]
[0;36m285 |[0;0m   let handle = try FileHandle(forWritingTo: outURL)
[0;36m286 |[0;0m   // URL.lines is Apple-only; Linux Foundation gets the file contents as a String.

/home/user/work/FridgeLuck-exp/experiments/grocery-ocr/harness/Sources/GroceryOCRHarness/main.swift:300:23: [1;3[21 / 24] GroceryOCRHarness-product
3mwarning: [1;39mresult of call to 'createFile(atPath:contents:attributes:)' is unused[0;0m [#]8;;https://docs.swift.org/compiler/documentation/diagnostics/no-usage\NoUsage]8;;\]
[0;36m298 |[0;0m   let decoder = JSONDecoder()
[0;36m299 |[0;0m   try? FileManager.default.removeItem(atPath: outputPath)
[0;36m300 |[0;0m   FileManager.default.createFile(atPath: outputPath, contents: nil)
    [0;36m|[0;0m                       `- [1;33mwarning: [1;39mresult of call to 'createFile(atPath:contents:attributes:)' is unused[0;0m [#]8;;https://docs.swift.org/compiler/documentation/diagnostics/no-usage\NoUsage]8;;\]
[0;36m301 |[0;0m   let handle = try FileHandle(forWritingTo: outURL)
[0;36m302 |[0;0m   let contents = try String(contentsOf: inURL, encoding: .utf8)

[#NoUsage]: <https://docs.swift.org/compiler/documentation/diagnostics/no-usage>
[24 / 24] GroceryOCRHarness-product
Build complete! (2.65 secs)
BUILD_RC_0
